// Jest Snapshot v1, https://goo.gl/fbAQLP

exports[`DruxtRouter checkPermissions 1`] = `
{
  "detail": "Required permissions:
 - administer node fields",
}
`;

exports[`DruxtRouter getRoute 1`] = `
{
  "config": {
    "baseURL": "https://8080-magenta-koi-31w8trra.ws-us25.gitpod.io",
    "headers": {
      "Accept": "application/json, text/plain, */*",
    },
    "maxBodyLength": -1,
    "maxContentLength": -1,
    "method": "get",
    "options": {},
    "timeout": 0,
    "transformRequest": [
      null,
    ],
    "transformResponse": [
      null,
    ],
    "url": "/router/translate-path?path=/broken-router",
    "xsrfCookieName": "XSRF-TOKEN",
    "xsrfHeaderName": "X-XSRF-TOKEN",
  },
  "data": {
    "errors": [
      {
        "detail": "Please ensure the Decoupled Router module is installed and configured correctly.",
      },
    ],
  },
  "headers": {
    "cache-control": "must-revalidate, no-cache, private",
    "content-language": "en",
    "content-type": "text/html; charset=UTF-8",
    "expires": "Sun, 19 Nov 1978 05:00:00 GMT",
  },
  "request": {},
  "status": 404,
  "statusText": "Not Found",
}
`;
