// Jest Snapshot v1, https://goo.gl/fbAQLP

exports[`DruxtEntity missing schema 1`] = `
"<div>
  <div entity=\\"[object Object]\\" value=\\"[object Object]\\">
    <details style=\\"border: 2px dashed lightgrey; margin: 0.5em 0px; padding: 1em;\\">
      <summary>[DruxtEntity] Missing schema for 'file--file--default'</summary><br><label>Component options:<ul>
          <li>DruxtEntityFileFileDefaultView</li>
          <li>DruxtEntityFileFileDefault</li>
          <li>DruxtEntityFileFile</li>
          <li>DruxtEntityDefault</li>
        </ul></label><br><label>Entity:<pre>{
  \\"type\\": \\"file--file\\",
  \\"id\\": \\"7adbf02c-6e41-40ae-9124-8b4781f9c160\\",
  \\"links\\": {
    \\"self\\": {
      \\"href\\": \\"https://demo-api.druxtjs.org/en/jsonapi/file/file/7adbf02c-6e41-40ae-9124-8b4781f9c160\\"
    }
  },
  \\"attributes\\": {
    \\"drupal_internal__fid\\": 3,
    \\"langcode\\": \\"en\\",
    \\"filename\\": \\"vegan-chocolate-nut-brownies.jpg\\",
    \\"uri\\": {
      \\"value\\": \\"public://vegan-chocolate-nut-brownies.jpg\\",
      \\"url\\": \\"/sites/default/files/vegan-chocolate-nut-brownies.jpg\\"
    },
    \\"filemime\\": \\"image/jpeg\\",
    \\"filesize\\": 109982,
    \\"status\\": true,
    \\"created\\": \\"2021-05-01T06:24:09+00:00\\",
    \\"changed\\": \\"2021-05-01T06:24:09+00:00\\"
  },
  \\"relationships\\": {
    \\"uid\\": {
      \\"data\\": null,
      \\"links\\": {
        \\"related\\": {
          \\"href\\": \\"https://demo-api.druxtjs.org/en/jsonapi/file/file/7adbf02c-6e41-40ae-9124-8b4781f9c160/uid\\"
        },
        \\"self\\": {
          \\"href\\": \\"https://demo-api.druxtjs.org/en/jsonapi/file/file/7adbf02c-6e41-40ae-9124-8b4781f9c160/relationships/uid\\"
        }
      }
    }
  }
}</pre></label>
    </details>
  </div>
</div>"
`;

exports[`DruxtEntity node--page 1`] = `
"<div>
  <druxtentitynodepage-stub entity=\\"[object Object]\\" fields=\\"[object Object]\\" schema=\\"[object Object]\\" value=\\"[object Object]\\"></druxtentitynodepage-stub>
</div>"
`;
