// Jest Snapshot v1, https://goo.gl/fbAQLP

exports[`Component - DruxtFieldResponsiveImage default 1`] = `
"<div>
  <!---->
  <!----> <img src=\\"/sites/default/files/sites/default/image.jpg\\"></div>"
`;
