// Jest Snapshot v1, https://goo.gl/fbAQLP

exports[`Component - DruxtFieldEntityReferenceEntityView default 1`] = `
"<div>
  <!---->
  <!---->
  <druxtentity-stub wrapper=\\"[object Object]\\" mode=\\"default\\" type=\\"pages\\" uuid=\\"fe00c55d-0335-49d6-964e-a868c0c68f9c\\"></druxtentity-stub>
</div>"
`;
