// Jest Snapshot v1, https://goo.gl/fbAQLP

exports[`DruxtMenuItem default 1`] = `
"<li class=\\"\\">
  <nuxt-link-stub>Parent</nuxt-link-stub>
  <ul>
    <druxt-menu-item-stub item=\\"[object Object]\\"></druxt-menu-item-stub>
  </ul>
</li>"
`;
